
20. Printing statistics.

=== nm ===

   Number of wires:              55171
   Number of wire bits:          55189
   Number of public wires:        6846
   Number of public wire bits:    6864
   Number of memories:               0
   Number of memory bits:            0
   Number of processes:              0
   Number of cells:              54489
     sky130_fd_sc_hd__a2111o_4     173
     sky130_fd_sc_hd__a2111oi_4    125
     sky130_fd_sc_hd__a211o_4     1096
     sky130_fd_sc_hd__a21bo_4      230
     sky130_fd_sc_hd__a21boi_4     127
     sky130_fd_sc_hd__a21o_4      1249
     sky130_fd_sc_hd__a21oi_4      662
     sky130_fd_sc_hd__a22oi_4      135
     sky130_fd_sc_hd__a2bb2o_4    2359
     sky130_fd_sc_hd__a2bb2oi_4    196
     sky130_fd_sc_hd__a32o_4      1446
     sky130_fd_sc_hd__a32oi_4      730
     sky130_fd_sc_hd__a41o_4         1
     sky130_fd_sc_hd__and2_4      3590
     sky130_fd_sc_hd__and3_4       468
     sky130_fd_sc_hd__and4_4       762
     sky130_fd_sc_hd__buf_1       9572
     sky130_fd_sc_hd__conb_1       768
     sky130_fd_sc_hd__dfrtp_4     5385
     sky130_fd_sc_hd__dfstp_4      680
     sky130_fd_sc_hd__inv_8       7850
     sky130_fd_sc_hd__nand2_4      337
     sky130_fd_sc_hd__nand3_4       10
     sky130_fd_sc_hd__nand4_4       31
     sky130_fd_sc_hd__nor2_4      1130
     sky130_fd_sc_hd__nor3_4       535
     sky130_fd_sc_hd__nor4_4       274
     sky130_fd_sc_hd__o21a_4      1612
     sky130_fd_sc_hd__o21ai_4     2903
     sky130_fd_sc_hd__o22a_4      1153
     sky130_fd_sc_hd__o32a_4        42
     sky130_fd_sc_hd__o32ai_4        9
     sky130_fd_sc_hd__o41a_4         4
     sky130_fd_sc_hd__or2_4       5892
     sky130_fd_sc_hd__or3_4        640
     sky130_fd_sc_hd__or4_4       2217
     vector256                      96

   Area for cell type \vector256 is unknown!

   Chip area for module '\nm': 724532.384000

