Startpoint: rst (input port clocked by clk)
Endpoint: _703_ (removal check against rising-edge clock clk)
Path Group: **async_default**
Path Type: min

  Delay    Time   Description
---------------------------------------------------------
   0.00    0.00   clock clk (rise edge)
   0.00    0.00   clock network delay (ideal)
   2.00    2.00 v input external delay
   0.00    2.00 v rst (in)
   0.02    2.02 ^ _360_/Y (sky130_fd_sc_hd__inv_8)
   0.08    2.10 ^ _361_/X (sky130_fd_sc_hd__buf_1)
   0.00    2.10 ^ _703_/RESET_B (sky130_fd_sc_hd__dfrtp_4)
           2.10   data arrival time

   0.00    0.00   clock clk (rise edge)
   0.00    0.00   clock network delay (ideal)
   0.00    0.00   clock reconvergence pessimism
           0.00 ^ _703_/CLK (sky130_fd_sc_hd__dfrtp_4)
   0.21    0.21   library removal time
           0.21   data required time
---------------------------------------------------------
           0.21   data required time
          -2.10   data arrival time
---------------------------------------------------------
           1.89   slack (MET)


Startpoint: _643_ (rising edge-triggered flip-flop clocked by clk)
Endpoint: _644_ (rising edge-triggered flip-flop clocked by clk)
Path Group: clk
Path Type: min

  Delay    Time   Description
---------------------------------------------------------
   0.00    0.00   clock clk (rise edge)
   0.00    0.00   clock network delay (ideal)
   0.00    0.00 ^ _643_/CLK (sky130_fd_sc_hd__dfrtp_4)
   0.25    0.25 ^ _643_/Q (sky130_fd_sc_hd__dfrtp_4)
   0.02    0.27 v _449_/Y (sky130_fd_sc_hd__a21boi_4)
   0.00    0.27 v _644_/D (sky130_fd_sc_hd__dfrtp_4)
           0.27   data arrival time

   0.00    0.00   clock clk (rise edge)
   0.00    0.00   clock network delay (ideal)
   0.00    0.00   clock reconvergence pessimism
           0.00 ^ _644_/CLK (sky130_fd_sc_hd__dfrtp_4)
  -0.03   -0.03   library hold time
          -0.03   data required time
---------------------------------------------------------
          -0.03   data required time
          -0.27   data arrival time
---------------------------------------------------------
           0.30   slack (MET)


Startpoint: rst (input port clocked by clk)
Endpoint: _664_ (recovery check against rising-edge clock clk)
Path Group: **async_default**
Path Type: max

  Delay    Time   Description
---------------------------------------------------------
   0.00    0.00   clock clk (rise edge)
   0.00    0.00   clock network delay (ideal)
   2.00    2.00 v input external delay
   0.01    2.01 v rst (in)
   0.04    2.06 ^ _360_/Y (sky130_fd_sc_hd__inv_8)
   0.19    2.24 ^ _404_/X (sky130_fd_sc_hd__buf_1)
   0.31    2.55 ^ _405_/X (sky130_fd_sc_hd__buf_1)
   0.24    2.79 ^ _410_/X (sky130_fd_sc_hd__buf_1)
   0.00    2.79 ^ _664_/RESET_B (sky130_fd_sc_hd__dfrtp_4)
           2.79   data arrival time

  10.00   10.00   clock clk (rise edge)
   0.00   10.00   clock network delay (ideal)
   0.00   10.00   clock reconvergence pessimism
          10.00 ^ _664_/CLK (sky130_fd_sc_hd__dfrtp_4)
   0.41   10.41   library recovery time
          10.41   data required time
---------------------------------------------------------
          10.41   data required time
          -2.79   data arrival time
---------------------------------------------------------
           7.61   slack (MET)


Startpoint: y (input port clocked by clk)
Endpoint: _654_ (rising edge-triggered flip-flop clocked by clk)
Path Group: clk
Path Type: max

  Delay    Time   Description
---------------------------------------------------------
   0.00    0.00   clock clk (rise edge)
   0.00    0.00   clock network delay (ideal)
   2.00    2.00 ^ input external delay
   0.02    2.02 ^ y (in)
   0.26    2.27 ^ _440_/X (sky130_fd_sc_hd__buf_1)
   0.36    2.63 ^ _480_/X (sky130_fd_sc_hd__buf_1)
   0.35    2.98 ^ _481_/X (sky130_fd_sc_hd__and2_4)
   0.41    3.39 ^ _482_/X (sky130_fd_sc_hd__buf_1)
   0.24    3.63 v _485_/X (sky130_fd_sc_hd__xor2_4)
   0.00    3.63 v _654_/D (sky130_fd_sc_hd__dfrtp_4)
           3.63   data arrival time

  10.00   10.00   clock clk (rise edge)
   0.00   10.00   clock network delay (ideal)
   0.00   10.00   clock reconvergence pessimism
          10.00 ^ _654_/CLK (sky130_fd_sc_hd__dfrtp_4)
  -0.30    9.70   library setup time
           9.70   data required time
---------------------------------------------------------
           9.70   data required time
          -3.63   data arrival time
---------------------------------------------------------
           6.06   slack (MET)


